// Jest Snapshot v1, https://goo.gl/fbAQLP

exports[`(Component) Hello should render 1`] = `
<div
  className="Hello"
>
  <h1
    className="Hello"
  >
    Hello 
    World
    !
  </h1>
</div>
`;
